====================================================================
RUN: expC_meanpool
====================================================================
  window       : 3.0s @ 16000 Hz
  features     : 40 x (mfcc+delta+delta2) = 120 features/frame, cmvn=True
  conv channels: [32, 64, 128]
  lstm         : hidden=128, layers=1, bidirectional=True
  pooling      : masked-mean
  optimiser    : AdamW lr=0.002 wd=0.0001
  monitor      : val_macro_f1 (patience 15)

18:54:34 | INFO    | ml.data.loading              | loaded feature cache features_56d041578e27a183: (1440, 120, 301), 120 features x 301 frames
18:54:34 | INFO    | ml.data.ravdess              | manifest: 1440 samples from E:\emotion recognition from speech\data\raw\RAVDESS
18:54:35 | INFO    | ml.data.loading              | splits: train=960 val=240 test=240
18:54:36 | INFO    | trainer                      | run directory: E:\emotion recognition from speech\artifacts\models\expC_meanpool
18:54:36 | INFO    | trainer                      | device: cpu   torch threads: 5
18:54:36 | INFO    | trainer                      | EmotionCNNBiLSTM(input_features=120, conv_channels=[32, 64, 128], lstm_hidden=128 (bidirectional), pooling=masked-mean, classes=8, params=359,144)
18:54:36 | INFO    | trainer                      | parameter breakdown: {'conv': 92896, 'lstm': 264192, 'pool': 0, 'classifier': 2056, 'total': 359144}
18:54:36 | INFO    | trainer                      | class weights: neutral=1.345  calm=0.951  happy=0.951  sad=0.951  angry=0.951  fearful=0.951  disgust=0.951  surprised=0.951
18:54:36 | INFO    | trainer                      | train=960  val=240  test=240  batch_size=32  max_epochs=60  monitor=val_macro_f1
18:55:02 | INFO    | trainer                      | epoch   1/60  lr=2.00e-03  train loss=2.1706 acc=0.1448  val loss=2.0299 acc=0.1792 macroF1=0.0976  22.1s  *
18:55:24 | INFO    | trainer                      | epoch   2/60  lr=2.00e-03  train loss=2.0543 acc=0.2104  val loss=1.9540 acc=0.2083 macroF1=0.1013  21.9s  *
18:55:49 | INFO    | trainer                      | epoch   3/60  lr=2.00e-03  train loss=2.0393 acc=0.2000  val loss=1.9136 acc=0.2333 macroF1=0.1467  24.9s  *
18:56:11 | INFO    | trainer                      | epoch   4/60  lr=2.00e-03  train loss=2.0052 acc=0.2073  val loss=1.8762 acc=0.2917 macroF1=0.2274  22.1s  *
18:56:31 | INFO    | trainer                      | epoch   5/60  lr=2.00e-03  train loss=1.9742 acc=0.2240  val loss=1.8582 acc=0.2875 macroF1=0.2048  20.0s
18:56:51 | INFO    | trainer                      | epoch   6/60  lr=2.00e-03  train loss=1.9435 acc=0.2406  val loss=1.8221 acc=0.3042 macroF1=0.2518  19.8s  *
18:57:12 | INFO    | trainer                      | epoch   7/60  lr=2.00e-03  train loss=1.9161 acc=0.2740  val loss=1.8137 acc=0.2833 macroF1=0.2106  21.5s
18:57:33 | INFO    | trainer                      | epoch   8/60  lr=2.00e-03  train loss=1.9037 acc=0.2635  val loss=1.8104 acc=0.3208 macroF1=0.2413  20.6s
18:57:53 | INFO    | trainer                      | epoch   9/60  lr=2.00e-03  train loss=1.8760 acc=0.2740  val loss=1.7293 acc=0.3583 macroF1=0.3024  20.0s  *
18:58:16 | INFO    | trainer                      | epoch  10/60  lr=2.00e-03  train loss=1.8516 acc=0.3010  val loss=1.8473 acc=0.2750 macroF1=0.2346  23.2s
18:58:38 | INFO    | trainer                      | epoch  11/60  lr=2.00e-03  train loss=1.8175 acc=0.3063  val loss=1.6604 acc=0.4042 macroF1=0.3275  21.6s  *
18:58:59 | INFO    | trainer                      | epoch  12/60  lr=2.00e-03  train loss=1.8135 acc=0.3271  val loss=1.6696 acc=0.3500 macroF1=0.3242  21.2s
18:59:19 | INFO    | trainer                      | epoch  13/60  lr=2.00e-03  train loss=1.7647 acc=0.3469  val loss=1.6148 acc=0.4667 macroF1=0.4403  19.7s  *
18:59:39 | INFO    | trainer                      | epoch  14/60  lr=2.00e-03  train loss=1.7304 acc=0.3521  val loss=1.5489 acc=0.4542 macroF1=0.4278  20.4s
19:00:02 | INFO    | trainer                      | epoch  15/60  lr=2.00e-03  train loss=1.7354 acc=0.3635  val loss=1.6029 acc=0.4458 macroF1=0.4138  22.5s
19:00:24 | INFO    | trainer                      | epoch  16/60  lr=2.00e-03  train loss=1.6886 acc=0.3854  val loss=1.5793 acc=0.4042 macroF1=0.3822  21.9s
19:00:47 | INFO    | trainer                      | epoch  17/60  lr=2.00e-03  train loss=1.7254 acc=0.3823  val loss=1.5996 acc=0.4625 macroF1=0.4530  23.2s  *
19:01:08 | INFO    | trainer                      | epoch  18/60  lr=2.00e-03  train loss=1.7006 acc=0.3573  val loss=1.5940 acc=0.4333 macroF1=0.4012  20.7s
19:01:28 | INFO    | trainer                      | epoch  19/60  lr=2.00e-03  train loss=1.6762 acc=0.3896  val loss=1.5212 acc=0.5042 macroF1=0.4770  20.5s  *
19:01:52 | INFO    | trainer                      | epoch  20/60  lr=2.00e-03  train loss=1.6587 acc=0.3865  val loss=1.4775 acc=0.5167 macroF1=0.4875  23.4s  *
19:02:12 | INFO    | trainer                      | epoch  21/60  lr=2.00e-03  train loss=1.6397 acc=0.4083  val loss=1.5442 acc=0.4667 macroF1=0.4530  20.7s
19:02:34 | INFO    | trainer                      | epoch  22/60  lr=2.00e-03  train loss=1.6416 acc=0.4104  val loss=1.5979 acc=0.4292 macroF1=0.4007  22.0s
19:02:58 | INFO    | trainer                      | epoch  23/60  lr=2.00e-03  train loss=1.6644 acc=0.3792  val loss=1.5507 acc=0.4583 macroF1=0.4547  24.0s
19:03:22 | INFO    | trainer                      | epoch  24/60  lr=2.00e-03  train loss=1.6058 acc=0.4208  val loss=1.5170 acc=0.4792 macroF1=0.4729  23.6s
19:03:44 | INFO    | trainer                      | epoch  25/60  lr=2.00e-03  train loss=1.5675 acc=0.4302  val loss=1.5488 acc=0.4667 macroF1=0.4520  21.7s
19:04:05 | INFO    | trainer                      | epoch  26/60  lr=2.00e-03  train loss=1.5769 acc=0.4125  val loss=1.3999 acc=0.5500 macroF1=0.5356  21.6s  *
19:04:25 | INFO    | trainer                      | epoch  27/60  lr=2.00e-03  train loss=1.5716 acc=0.4313  val loss=1.4153 acc=0.5500 macroF1=0.5506  19.9s  *
19:04:51 | INFO    | trainer                      | epoch  28/60  lr=2.00e-03  train loss=1.5418 acc=0.4583  val loss=1.4150 acc=0.5333 macroF1=0.5260  25.1s
19:05:11 | INFO    | trainer                      | epoch  29/60  lr=2.00e-03  train loss=1.5165 acc=0.4698  val loss=1.4079 acc=0.5333 macroF1=0.5019  20.2s
19:05:30 | INFO    | trainer                      | epoch  30/60  lr=2.00e-03  train loss=1.5365 acc=0.4583  val loss=1.4913 acc=0.5000 macroF1=0.4811  19.6s
19:05:51 | INFO    | trainer                      | epoch  31/60  lr=2.00e-03  train loss=1.5245 acc=0.4448  val loss=1.4397 acc=0.5083 macroF1=0.4883  20.8s
19:06:16 | INFO    | trainer                      | epoch  32/60  lr=2.00e-03  train loss=1.4974 acc=0.4719  val loss=1.4148 acc=0.5458 macroF1=0.5288  24.3s
19:06:37 | INFO    | trainer                      | epoch  33/60  lr=2.00e-03  train loss=1.4968 acc=0.4906  val loss=1.3939 acc=0.5708 macroF1=0.5699  21.6s  *
19:06:59 | INFO    | trainer                      | epoch  34/60  lr=2.00e-03  train loss=1.4550 acc=0.4969  val loss=1.5241 acc=0.4875 macroF1=0.4657  22.0s
19:07:21 | INFO    | trainer                      | epoch  35/60  lr=2.00e-03  train loss=1.4493 acc=0.5042  val loss=1.3939 acc=0.5333 macroF1=0.5230  21.3s
19:07:42 | INFO    | trainer                      | epoch  36/60  lr=2.00e-03  train loss=1.4137 acc=0.5156  val loss=1.3799 acc=0.5417 macroF1=0.5351  21.3s
19:08:04 | INFO    | trainer                      | epoch  37/60  lr=2.00e-03  train loss=1.4823 acc=0.4771  val loss=1.3265 acc=0.5667 macroF1=0.5603  21.9s
19:08:24 | INFO    | trainer                      | epoch  38/60  lr=2.00e-03  train loss=1.4091 acc=0.5094  val loss=1.3166 acc=0.5750 macroF1=0.5531  19.7s
19:08:43 | INFO    | trainer                      | epoch  39/60  lr=1.00e-03  train loss=1.3855 acc=0.5344  val loss=1.4826 acc=0.4458 macroF1=0.4305  19.1s
19:09:03 | INFO    | trainer                      | epoch  40/60  lr=1.00e-03  train loss=1.3662 acc=0.5260  val loss=1.3563 acc=0.5417 macroF1=0.5338  20.2s
19:09:22 | INFO    | trainer                      | epoch  41/60  lr=1.00e-03  train loss=1.3346 acc=0.5490  val loss=1.3282 acc=0.5667 macroF1=0.5642  19.3s
19:09:42 | INFO    | trainer                      | epoch  42/60  lr=1.00e-03  train loss=1.3270 acc=0.5490  val loss=1.3555 acc=0.5208 macroF1=0.4964  19.4s
19:10:01 | INFO    | trainer                      | epoch  43/60  lr=1.00e-03  train loss=1.3289 acc=0.5490  val loss=1.3324 acc=0.5375 macroF1=0.5288  19.1s
19:10:21 | INFO    | trainer                      | epoch  44/60  lr=1.00e-03  train loss=1.3252 acc=0.5750  val loss=1.2921 acc=0.5667 macroF1=0.5591  19.7s
19:10:41 | INFO    | trainer                      | epoch  45/60  lr=5.00e-04  train loss=1.3134 acc=0.5552  val loss=1.3332 acc=0.5333 macroF1=0.5269  20.1s
19:11:00 | INFO    | trainer                      | epoch  46/60  lr=5.00e-04  train loss=1.2741 acc=0.5969  val loss=1.2889 acc=0.5625 macroF1=0.5480  19.3s
19:11:20 | INFO    | trainer                      | epoch  47/60  lr=5.00e-04  train loss=1.2624 acc=0.5677  val loss=1.3219 acc=0.5417 macroF1=0.5306  19.4s
19:11:40 | INFO    | trainer                      | epoch  48/60  lr=5.00e-04  train loss=1.2654 acc=0.5885  val loss=1.2949 acc=0.5417 macroF1=0.5353  20.9s
19:11:40 | INFO    | trainer                      | early stopping at epoch 48: val_macro_f1 did not improve for 15 epochs
19:11:40 | INFO    | trainer                      | training finished in 1024.1s - best epoch 33, val macro-F1 0.5699
19:11:40 | INFO    | trainer                      | checkpoint: E:\emotion recognition from speech\artifacts\models\expC_meanpool\best_model.pt

====================================================================
TRAINING COMPLETE
====================================================================
  run directory      : E:\emotion recognition from speech\artifacts\models\expC_meanpool
  best epoch         : 33 / 48 run
  best val macro-F1  : 56.99%
  early stopped      : True
  wall clock         : 1024.1s (21.34s/epoch)
  parameters         : 359,144
  device             : cpu

Next:  python scripts/evaluate.py --run expC_meanpool
